
> portfolio@0.2.0 build
> react-scripts build

node.exe : 
[baseline-browser-mapping] The 
data in this module is over two 
months old.  To ensure accurate 
Baseline data, please update: 
`npm i 
baseline-browser-mapping@latest 
-D`
At D:\Applications\nodejs\npm.ps
1:29 char:3
+   & $NODE_EXE $NPM_CLI_JS 
$args
+   
~~~~~~~~~~~~~~~~~~~~~~~~~~~~~
    + CategoryInfo          : N 
   otSpecified: ([baseline-bro  
  ws...ping@latest -D`:String   
 ) [], RemoteException
    + FullyQualifiedErrorId : N 
   ativeCommandError
 
Creating an optimized production build...
Browserslist: browsers data 
(caniuse-lite) is 6 months old. 
Please run:
  npx 
update-browserslist-db@latest
  Why you should do it 
regularly: https://github.com/br
owserslist/update-db#readme

Treating warnings as errors because process.env.CI = true.
Most CI servers set it automatically.

Failed to compile.

[eslint] 
src\assets\configs\blogConfig.js
  Line 2:10:  'AiFillGithub' is defined but never used    no-unused-vars
  Line 4:8:   'fastapiSklearn' is defined but never used  no-unused-vars


